// Jest Snapshot v1, https://goo.gl/fbAQLP

exports[`CadastroProdutoScreen renders correctly 1`] = `
<View>
  <RCTScrollView
    bounces={false}
    contentContainerStyle={
      [
        {
          "alignItems": "center",
          "alignSelf": "center",
          "backgroundColor": "#FFFFFF",
          "flex": 1,
          "justifyContent": "flex-start",
          "maxWidth": 600,
          "padding": 20,
          "width": "100%",
        },
        {
          "flexGrow": 1,
          "paddingBottom": 120,
        },
      ]
    }
    keyboardShouldPersistTaps="handled"
    showsVerticalScrollIndicator={false}
    style={
      {
        "flex": 1,
      }
    }
  >
    <View>
      <Text
        style={
          {
            "color": "#0066B3",
            "fontFamily": "Caixa",
            "fontSize": 28,
            "fontWeight": "bold",
            "marginBottom": 20,
            "textAlign": "center",
            "width": "100%",
          }
        }
      >
        Cadastrar Novo Produto
      </Text>
      <TextInput
        onChangeText={[Function]}
        placeholder="Nome do Produto"
        placeholderTextColor="#888"
        style={
          {
            "backgroundColor": "#FFFFFF",
            "borderColor": "#C5C7C8",
            "borderRadius": 8,
            "borderWidth": 1,
            "color": "#0066B3",
            "fontFamily": "Caixa",
            "fontSize": 16,
            "marginBottom": 15,
            "paddingHorizontal": 15,
            "paddingVertical": 12,
            "width": "100%",
          }
        }
        value=""
      />
      <TextInput
        keyboardType="numeric"
        onChangeText={[Function]}
        placeholder="Taxa de Juros Anual (%)"
        placeholderTextColor="#888"
        style={
          {
            "backgroundColor": "#FFFFFF",
            "borderColor": "#C5C7C8",
            "borderRadius": 8,
            "borderWidth": 1,
            "color": "#0066B3",
            "fontFamily": "Caixa",
            "fontSize": 16,
            "marginBottom": 15,
            "paddingHorizontal": 15,
            "paddingVertical": 12,
            "width": "100%",
          }
        }
        value=""
      />
      <TextInput
        keyboardType="numeric"
        onChangeText={[Function]}
        placeholder="Prazo MÃ¡ximo (meses)"
        placeholderTextColor="#888"
        style={
          {
            "backgroundColor": "#FFFFFF",
            "borderColor": "#C5C7C8",
            "borderRadius": 8,
            "borderWidth": 1,
            "color": "#0066B3",
            "fontFamily": "Caixa",
            "fontSize": 16,
            "marginBottom": 15,
            "paddingHorizontal": 15,
            "paddingVertical": 12,
            "width": "100%",
          }
        }
        value=""
      />
      <View
        accessibilityState={
          {
            "busy": undefined,
            "checked": undefined,
            "disabled": false,
            "expanded": undefined,
            "selected": undefined,
          }
        }
        accessibilityValue={
          {
            "max": undefined,
            "min": undefined,
            "now": undefined,
            "text": undefined,
          }
        }
        accessible={true}
        collapsable={false}
        focusable={true}
        onClick={[Function]}
        onResponderGrant={[Function]}
        onResponderMove={[Function]}
        onResponderRelease={[Function]}
        onResponderTerminate={[Function]}
        onResponderTerminationRequest={[Function]}
        onStartShouldSetResponder={[Function]}
        style={
          {
            "alignItems": "center",
            "backgroundColor": "#F7941E",
            "borderRadius": 8,
            "marginBottom": 10,
            "opacity": 1,
            "padding": 15,
            "width": "100%",
          }
        }
      >
        <Text
          style={
            {
              "color": "#FFFFFF",
              "fontFamily": "Caixa",
              "fontSize": 18,
              "fontWeight": "bold",
            }
          }
        >
          Cadastrar
        </Text>
      </View>
      <View
        accessibilityState={
          {
            "busy": undefined,
            "checked": undefined,
            "disabled": undefined,
            "expanded": undefined,
            "selected": undefined,
          }
        }
        accessibilityValue={
          {
            "max": undefined,
            "min": undefined,
            "now": undefined,
            "text": undefined,
          }
        }
        accessible={true}
        collapsable={false}
        focusable={true}
        onClick={[Function]}
        onResponderGrant={[Function]}
        onResponderMove={[Function]}
        onResponderRelease={[Function]}
        onResponderTerminate={[Function]}
        onResponderTerminationRequest={[Function]}
        onStartShouldSetResponder={[Function]}
        style={
          {
            "alignItems": "center",
            "backgroundColor": "transparent",
            "borderColor": "#0066B3",
            "borderRadius": 8,
            "borderWidth": 1,
            "marginBottom": 10,
            "opacity": 1,
            "padding": 15,
            "width": "100%",
          }
        }
      >
        <Text
          style={
            {
              "color": "#0066B3",
              "fontFamily": "Caixa",
              "fontSize": 18,
              "fontWeight": "bold",
            }
          }
        >
          Voltar
        </Text>
      </View>
    </View>
  </RCTScrollView>
</View>
`;
