// Jest Snapshot v1, https://goo.gl/fbAQLP

exports[`LoginScreen renders correctly 1`] = `
<View
  style={
    {
      "alignItems": "center",
      "backgroundColor": "#0066B3",
      "flex": 1,
      "justifyContent": "center",
      "padding": 20,
    }
  }
>
   
  <View
    style={
      {
        "backgroundColor": "#fff",
        "borderRadius": 10,
        "elevation": 5,
        "maxWidth": 400,
        "padding": 30,
        "shadowColor": "#000",
        "shadowOffset": {
          "height": 2,
          "width": 0,
        },
        "shadowOpacity": 0.25,
        "shadowRadius": 4,
        "width": "100%",
      }
    }
  >
    <Text
      style={
        {
          "color": "#0066B3",
          "fontFamily": "Caixa",
          "fontSize": 28,
          "fontWeight": "bold",
          "marginBottom": 10,
          "textAlign": "center",
        }
      }
    >
      Simulador de Crédito
    </Text>
    <Text
      style={
        {
          "color": "#666",
          "fontFamily": "Caixa",
          "fontSize": 16,
          "marginBottom": 30,
          "textAlign": "center",
        }
      }
    >
      Faça login para continuar
    </Text>
    <TextInput
      autoCapitalize="none"
      editable={true}
      onChangeText={[Function]}
      placeholder="Usuário"
      placeholderTextColor="#888"
      style={
        [
          {
            "backgroundColor": "#FFFFFF",
            "borderColor": "#C5C7C8",
            "borderRadius": 8,
            "borderWidth": 1,
            "color": "#0066B3",
            "fontFamily": "Caixa",
            "fontSize": 16,
            "marginBottom": 15,
            "paddingHorizontal": 15,
            "paddingVertical": 12,
            "width": "100%",
          },
          {
            "marginBottom": 20,
          },
        ]
      }
      value=""
    />
    <TextInput
      editable={true}
      onChangeText={[Function]}
      placeholder="Senha"
      placeholderTextColor="#888"
      secureTextEntry={true}
      style={
        [
          {
            "backgroundColor": "#FFFFFF",
            "borderColor": "#C5C7C8",
            "borderRadius": 8,
            "borderWidth": 1,
            "color": "#0066B3",
            "fontFamily": "Caixa",
            "fontSize": 16,
            "marginBottom": 15,
            "paddingHorizontal": 15,
            "paddingVertical": 12,
            "width": "100%",
          },
          {
            "marginBottom": 20,
          },
        ]
      }
      value=""
    />
    <View
      accessibilityState={
        {
          "busy": undefined,
          "checked": undefined,
          "disabled": false,
          "expanded": undefined,
          "selected": undefined,
        }
      }
      accessibilityValue={
        {
          "max": undefined,
          "min": undefined,
          "now": undefined,
          "text": undefined,
        }
      }
      accessible={true}
      collapsable={false}
      focusable={true}
      onClick={[Function]}
      onResponderGrant={[Function]}
      onResponderMove={[Function]}
      onResponderRelease={[Function]}
      onResponderTerminate={[Function]}
      onResponderTerminationRequest={[Function]}
      onStartShouldSetResponder={[Function]}
      style={
        {
          "alignItems": "center",
          "backgroundColor": "#F7941E",
          "borderRadius": 8,
          "marginBottom": 20,
          "marginTop": 10,
          "opacity": 1,
          "padding": 15,
          "width": "100%",
        }
      }
    >
      <Text
        style={
          {
            "color": "#FFFFFF",
            "fontFamily": "Caixa",
            "fontSize": 18,
            "fontWeight": "bold",
          }
        }
      >
        Entrar
      </Text>
    </View>
    <Text
      style={
        {
          "color": "#888",
          "fontFamily": "Caixa",
          "fontSize": 12,
          "fontStyle": "italic",
          "textAlign": "center",
        }
      }
    >
      Digite qualquer usuário e senha com pelo menos 3 caracteres
    </Text>
  </View>
</View>
`;
