// Jest Snapshot v1, https://goo.gl/fbAQLP

exports[`SimulacaoScreen renders correctly 1`] = `
<RCTScrollView
  bounces={false}
  contentContainerStyle={
    {
      "alignItems": "center",
      "alignSelf": "center",
      "backgroundColor": "#FFFFFF",
      "flexGrow": 1,
      "justifyContent": "flex-start",
      "maxWidth": 600,
      "padding": 20,
      "paddingBottom": 40,
      "width": "100%",
    }
  }
  keyboardShouldPersistTaps="handled"
  showsVerticalScrollIndicator={false}
  style={
    {
      "backgroundColor": "#FFFFFF",
      "flex": 1,
    }
  }
>
  <View>
    <Text
      style={
        {
          "color": "#0066B3",
          "fontFamily": "Caixa",
          "fontSize": 28,
          "fontWeight": "bold",
          "marginBottom": 20,
          "textAlign": "center",
          "width": "100%",
        }
      }
    >
      Simular Empréstimo
    </Text>
    <Text
      style={
        {
          "alignSelf": "flex-start",
          "color": "#0066B3",
          "fontFamily": "Caixa",
          "fontSize": 16,
          "marginBottom": 10,
        }
      }
    >
      Selecione o Produto:
    </Text>
    <View
      style={
        {
          "marginBottom": 28,
          "paddingHorizontal": 0,
          "paddingVertical": 14,
          "width": "100%",
        }
      }
    >
      <View
        style={
          {
            "alignItems": "center",
            "flexDirection": "row",
            "justifyContent": "space-between",
            "marginBottom": 16,
            "paddingHorizontal": 2,
            "paddingVertical": 4,
            "width": "100%",
          }
        }
      >
        <View
          accessibilityLabel="Previous"
          accessibilityState={
            {
              "busy": undefined,
              "checked": undefined,
              "disabled": true,
              "expanded": undefined,
              "selected": undefined,
            }
          }
          accessibilityValue={
            {
              "max": undefined,
              "min": undefined,
              "now": undefined,
              "text": undefined,
            }
          }
          accessible={true}
          collapsable={false}
          focusable={false}
          onClick={[Function]}
          onResponderGrant={[Function]}
          onResponderMove={[Function]}
          onResponderRelease={[Function]}
          onResponderTerminate={[Function]}
          onResponderTerminationRequest={[Function]}
          onStartShouldSetResponder={[Function]}
          style={
            {
              "alignItems": "center",
              "justifyContent": "center",
              "minWidth": 40,
              "opacity": 0.3,
              "paddingHorizontal": 12,
              "paddingVertical": 8,
            }
          }
        >
          <Text
            style={
              {
                "color": "#0066B3",
                "fontSize": 24,
                "fontWeight": "bold",
              }
            }
          >
            ‹
          </Text>
        </View>
        <View
          accessibilityState={
            {
              "busy": undefined,
              "checked": undefined,
              "disabled": undefined,
              "expanded": undefined,
              "selected": undefined,
            }
          }
          accessibilityValue={
            {
              "max": undefined,
              "min": undefined,
              "now": undefined,
              "text": undefined,
            }
          }
          accessible={true}
          collapsable={false}
          focusable={true}
          onClick={[Function]}
          onResponderGrant={[Function]}
          onResponderMove={[Function]}
          onResponderRelease={[Function]}
          onResponderTerminate={[Function]}
          onResponderTerminationRequest={[Function]}
          onStartShouldSetResponder={[Function]}
          style={
            {
              "alignItems": "center",
              "backgroundColor": "#F8F9FA",
              "borderColor": "#0066B3",
              "borderRadius": 12,
              "borderWidth": 1,
              "flex": 1,
              "flexDirection": "row",
              "justifyContent": "space-between",
              "marginHorizontal": 4,
              "minHeight": 140,
              "opacity": 1,
              "padding": 20,
            }
          }
          testID="produto-selecionado-card"
        >
          <View
            style={
              {
                "flex": 1,
              }
            }
          >
            <Text
              style={
                {
                  "color": "#0066B3",
                  "fontFamily": "Caixa",
                  "fontSize": 20,
                  "fontWeight": "bold",
                  "marginBottom": 10,
                }
              }
            >
              Selecione um produto
            </Text>
          </View>
        </View>
        <View
          accessibilityLabel="Next"
          accessibilityState={
            {
              "busy": undefined,
              "checked": undefined,
              "disabled": true,
              "expanded": undefined,
              "selected": undefined,
            }
          }
          accessibilityValue={
            {
              "max": undefined,
              "min": undefined,
              "now": undefined,
              "text": undefined,
            }
          }
          accessible={true}
          collapsable={false}
          focusable={false}
          onClick={[Function]}
          onResponderGrant={[Function]}
          onResponderMove={[Function]}
          onResponderRelease={[Function]}
          onResponderTerminate={[Function]}
          onResponderTerminationRequest={[Function]}
          onStartShouldSetResponder={[Function]}
          style={
            {
              "alignItems": "center",
              "justifyContent": "center",
              "minWidth": 40,
              "opacity": 0.3,
              "paddingHorizontal": 12,
              "paddingVertical": 8,
            }
          }
        >
          <Text
            style={
              {
                "color": "#0066B3",
                "fontSize": 24,
                "fontWeight": "bold",
              }
            }
          >
            ›
          </Text>
        </View>
      </View>
      <View
        style={
          {
            "alignItems": "center",
            "flexDirection": "row",
            "gap": 8,
            "justifyContent": "center",
            "marginTop": 12,
          }
        }
      />
    </View>
    <TextInput
      keyboardType="numeric"
      onChangeText={[Function]}
      placeholder="Valor do Empréstimo (R$)"
      placeholderTextColor="#888"
      style={
        {
          "backgroundColor": "#FFFFFF",
          "borderColor": "#C5C7C8",
          "borderRadius": 8,
          "borderWidth": 1,
          "color": "#0066B3",
          "fontFamily": "Caixa",
          "fontSize": 16,
          "marginBottom": 15,
          "paddingHorizontal": 15,
          "paddingVertical": 12,
          "width": "100%",
        }
      }
      value=""
    />
    <TextInput
      keyboardType="numeric"
      onChangeText={[Function]}
      placeholder="Prazo (meses)"
      placeholderTextColor="#888"
      style={
        {
          "backgroundColor": "#FFFFFF",
          "borderColor": "#C5C7C8",
          "borderRadius": 8,
          "borderWidth": 1,
          "color": "#0066B3",
          "fontFamily": "Caixa",
          "fontSize": 16,
          "marginBottom": 15,
          "paddingHorizontal": 15,
          "paddingVertical": 12,
          "width": "100%",
        }
      }
      value=""
    />
    <View
      accessibilityState={
        {
          "busy": undefined,
          "checked": undefined,
          "disabled": false,
          "expanded": undefined,
          "selected": undefined,
        }
      }
      accessibilityValue={
        {
          "max": undefined,
          "min": undefined,
          "now": undefined,
          "text": undefined,
        }
      }
      accessible={true}
      collapsable={false}
      focusable={true}
      onClick={[Function]}
      onResponderGrant={[Function]}
      onResponderMove={[Function]}
      onResponderRelease={[Function]}
      onResponderTerminate={[Function]}
      onResponderTerminationRequest={[Function]}
      onStartShouldSetResponder={[Function]}
      style={
        {
          "alignItems": "center",
          "backgroundColor": "#F7941E",
          "borderRadius": 8,
          "marginBottom": 10,
          "opacity": 1,
          "padding": 15,
          "width": "100%",
        }
      }
      testID="open-modal-button"
    >
      <Text
        style={
          {
            "color": "#FFFFFF",
            "fontFamily": "Caixa",
            "fontSize": 18,
            "fontWeight": "bold",
          }
        }
      >
        Simular
      </Text>
    </View>
    <View
      accessibilityState={
        {
          "busy": undefined,
          "checked": undefined,
          "disabled": undefined,
          "expanded": undefined,
          "selected": undefined,
        }
      }
      accessibilityValue={
        {
          "max": undefined,
          "min": undefined,
          "now": undefined,
          "text": undefined,
        }
      }
      accessible={true}
      collapsable={false}
      focusable={true}
      onClick={[Function]}
      onResponderGrant={[Function]}
      onResponderMove={[Function]}
      onResponderRelease={[Function]}
      onResponderTerminate={[Function]}
      onResponderTerminationRequest={[Function]}
      onStartShouldSetResponder={[Function]}
      style={
        {
          "alignItems": "center",
          "backgroundColor": "transparent",
          "borderColor": "#0066B3",
          "borderRadius": 8,
          "borderWidth": 1,
          "marginBottom": 10,
          "opacity": 1,
          "padding": 15,
          "width": "100%",
        }
      }
    >
      <Text
        style={
          {
            "color": "#0066B3",
            "fontFamily": "Caixa",
            "fontSize": 18,
            "fontWeight": "bold",
          }
        }
      >
        Voltar
      </Text>
    </View>
  </View>
</RCTScrollView>
`;
